N=50000000000  pieces=24  segments=23842 of 2097152 residues
schedule: 0 4079 5995 7510 8811 9974 11037 12024 12950 13826 14659 15456 16222 16960 17672 18363 19033 19685 20320 20940 21545 22137 22717 23285 23842
piece 00 [0,4079): running ...
piece 00 done in 3932s: N=50000000000 divisor_steps=532513943930 partners=131234049436 max_partners_per_C=14317 candidates=13132668521840 tested=1094855716543 solutions=0 sieve_overflow=0
piece 01 [4079,5995): running ...
piece 01 done in 1022s: N=50000000000 divisor_steps=228713867845 partners=43872074085 max_partners_per_C=14084 candidates=2823172097807 tested=228565485144 solutions=0 sieve_overflow=0
piece 02 [5995,7510): running ...
piece 02 done in 723s: N=50000000000 divisor_steps=175392907346 partners=30664902055 max_partners_per_C=12540 candidates=1618663497877 tested=130336845151 solutions=0 sieve_overflow=0
piece 03 [7510,8811): running ...
piece 03 done in 561s: N=50000000000 divisor_steps=147444767843 partners=24089814826 max_partners_per_C=12559 candidates=1086714218396 tested=87220870240 solutions=0 sieve_overflow=0
piece 04 [8811,9974): running ...
piece 04 done in 447s: N=50000000000 divisor_steps=129636726030 partners=20135755382 max_partners_per_C=10958 candidates=788643413825 tested=63159983509 solutions=0 sieve_overflow=0
piece 05 [9974,11037): running ...
piece 05 done in 391s: N=50000000000 divisor_steps=116906696526 partners=17123594843 max_partners_per_C=12018 candidates=598927426829 tested=47848320385 solutions=0 sieve_overflow=0
piece 06 [11037,12024): running ...
piece 06 done in 336s: N=50000000000 divisor_steps=107249715939 partners=15157434124 max_partners_per_C=9709 candidates=469008459746 tested=37374965379 solutions=0 sieve_overflow=0
piece 07 [12024,12950): running ...
piece 07 done in 292s: N=50000000000 divisor_steps=99618372468 partners=13593744970 max_partners_per_C=11071 candidates=374886849811 tested=29787534854 solutions=0 sieve_overflow=0
piece 08 [12950,13826): running ...
piece 08 done in 266s: N=50000000000 divisor_steps=93321373277 partners=12269284951 max_partners_per_C=9850 candidates=304043357073 tested=23994536456 solutions=0 sieve_overflow=0
piece 09 [13826,14659): running ...
piece 09 done in 243s: N=50000000000 divisor_steps=88033380565 partners=11260905819 max_partners_per_C=8603 candidates=248999731174 tested=19618360956 solutions=0 sieve_overflow=0
piece 10 [14659,15456): running ...
piece 10 done in 223s: N=50000000000 divisor_steps=83625403128 partners=10414717703 max_partners_per_C=10590 candidates=205645842519 tested=16218375065 solutions=0 sieve_overflow=0
piece 11 [15456,16222): running ...
piece 11 done in 208s: N=50000000000 divisor_steps=79787881616 partners=9711018760 max_partners_per_C=9372 candidates=170541193895 tested=13474851627 solutions=0 sieve_overflow=0
piece 12 [16222,16960): running ...
piece 12 done in 193s: N=50000000000 divisor_steps=76327602784 partners=9103421789 max_partners_per_C=8637 candidates=141689609891 tested=11179109028 solutions=0 sieve_overflow=0
piece 13 [16960,17672): running ...
piece 13 done in 180s: N=50000000000 divisor_steps=73177359700 partners=8575445855 max_partners_per_C=8906 candidates=117538651067 tested=9256207355 solutions=0 sieve_overflow=0
piece 14 [17672,18363): running ...
piece 14 done in 169s: N=50000000000 divisor_steps=70648636481 partners=7828951109 max_partners_per_C=8637 candidates=97567842631 tested=7673531618 solutions=0 sieve_overflow=0
piece 15 [18363,19033): running ...
piece 15 done in 160s: N=50000000000 divisor_steps=68149235666 partners=7299445500 max_partners_per_C=7866 candidates=80275940357 tested=6310609331 solutions=0 sieve_overflow=0
piece 16 [19033,19685): running ...
piece 16 done in 158s: N=50000000000 divisor_steps=65955169560 partners=6951676077 max_partners_per_C=8862 candidates=65534085475 tested=5156478493 solutions=0 sieve_overflow=0
piece 17 [19685,20320): running ...
piece 17 done in 148s: N=50000000000 divisor_steps=63922041415 partners=6627110785 max_partners_per_C=7473 candidates=52698010267 tested=4150695882 solutions=0 sieve_overflow=0
piece 18 [20320,20940): running ...
piece 18 done in 140s: N=50000000000 divisor_steps=62058914872 partners=6336382677 max_partners_per_C=8756 candidates=41325714498 tested=3260230251 solutions=0 sieve_overflow=0
piece 19 [20940,21545): running ...
piece 19 done in 134s: N=50000000000 divisor_steps=60279113471 partners=6056999351 max_partners_per_C=7134 candidates=31542863155 tested=2486083673 solutions=0 sieve_overflow=0
piece 20 [21545,22137): running ...
piece 20 done in 127s: N=50000000000 divisor_steps=58744276711 partners=5811448334 max_partners_per_C=7392 candidates=23063014066 tested=1815710842 solutions=0 sieve_overflow=0
piece 21 [22137,22717): running ...
piece 21 done in 124s: N=50000000000 divisor_steps=57302331740 partners=5597113698 max_partners_per_C=7161 candidates=15529022270 tested=1218865469 solutions=0 sieve_overflow=0
piece 22 [22717,23285): running ...
piece 22 done in 122s: N=50000000000 divisor_steps=55897961288 partners=5346081290 max_partners_per_C=7661 candidates=8790887746 tested=686178721 solutions=0 sieve_overflow=0
piece 23 [23285,23842): running ...
piece 23 done in 113s: N=50000000000 divisor_steps=54606314188 partners=5158288001 max_partners_per_C=7573 candidates=2770944150 tested=218001590 solutions=0 sieve_overflow=0
sum of 24 pieces -> results/run_N5e10.txt:
  N=50000000000 divisor_steps=2649313994389 partners=420219661420 max_partners_per_C=14317 candidates=22500241196365 tested=1845867547562 solutions=0 sieve_overflow=0
== run_5e10 done ==
